SENIORITY REPORT AS OF 2026-09-29
------------------------------------------------------------
ID     NAME                 HIRE DATE   YEARS   BAND
------------------------------------------------------------
10009  IRENE CLARK          2005/02/25   21.5   VETERAN
10002  BOB SMITH            2012/07/01   14.2   SENIOR
10014  NOAH TAYLOR          2018/11/03    7.9   MID
10004  DAVID BROWN          2008/10/20   17.9   VETERAN
10012  LIAM MARTIN          2013/09/30   12.9   SENIOR
10006  FRANK MILLER         2022/03/01    4.5   MID
10001  ALICE JOHNSON        2015/03/12   11.5   SENIOR
10015  OLIVIA KING          2025/06/01    1.3   JUNIOR
10007  GRACE LEE            2010/09/18   16.0   VETERAN
10010  JACK DAVIS           2024/01/15    2.7   JUNIOR
10003  CAROL WHITE          2019/01/15    7.7   MID
10013  MONA PATEL           2021/07/12    5.2   MID
10005  EVA GREEN            2017/06/05    9.3   SENIOR
10011  KAREN LOPEZ          2016/04/20   10.4   SENIOR
10008  HENRY WILSON         2020/08/10    6.1   MID
------------------------------------------------------------
JUNIOR   (< 3 YRS)    2
MID      (3-7 YRS)    5
SENIOR  (8-14 YRS)    5
VETERAN (15+ YRS)     3
