ANNUAL INCOME TAX REPORT
--------------------------------------------------------------------------------
ID     NAME                    GROSS PAY           TAX       NET PAY  EFF%
--------------------------------------------------------------------------------
10009  IRENE CLARK            110,500.00     15,150.00     95,350.00  13.7
10002  BOB SMITH               78,000.50      6,600.10     71,400.40   8.5
10014  NOAH TAYLOR             65,000.00      4,000.00     61,000.00   6.2
10004  DAVID BROWN             92,000.00      9,600.00     82,400.00  10.4
10012  LIAM MARTIN             61,000.00      3,200.00     57,800.00   5.2
10006  FRANK MILLER            39,000.00        900.00     38,100.00   2.3
10001  ALICE JOHNSON           52,500.00      2,250.00     50,250.00   4.3
10015  OLIVIA KING             27,000.00          0.00     27,000.00   0.0
10007  GRACE LEE               81,000.00      7,200.00     73,800.00   8.9
10010  JACK DAVIS              28,500.00          0.00     28,500.00   0.0
10003  CAROL WHITE             48,000.00      1,800.00     46,200.00   3.8
10013  MONA PATEL              42,500.50      1,250.05     41,250.45   2.9
10005  EVA GREEN               68,750.25      4,750.05     64,000.20   6.9
10011  KAREN LOPEZ             56,000.00      2,600.00     53,400.00   4.6
10008  HENRY WILSON            45,000.75      1,500.08     43,500.67   3.3
--------------------------------------------------------------------------------
TOTAL TAX WITHHELD:                            60,800.28
